[suap.ifpb.edu.br/accounts/login/index067e.html]
[backblue.gif]
[fade.gif]
[index.html]
[suap.ifpb.edu.br/static/comum/img/favicon.png]
[suap.ifpb.edu.br/static/comum/js/jquery.min.js]
[www.google.com/recaptcha/api6dd3.js]
[suap.ifpb.edu.br/accounts/login/index067e.html]
[suap.ifpb.edu.br/static/comum/fontawesome/css/fontawesome-all.min.css]
[suap.ifpb.edu.br/static/comum/img/icons/icon-search.png]
[suap.ifpb.edu.br/static/comum/img/logo.png]
[suap.ifpb.edu.br/static/comum/img/toggle-sidebar.png]
[suap.ifpb.edu.br/static/djtools/img/glyphicons-halflings.png]
[suap.ifpb.edu.br/static/comum/img/icons/menu-item.png]
[suap.ifpb.edu.br/static/comum/img/icons/menu-home.png]
[suap.ifpb.edu.br/static/comum/img/icons/menu-administracao.png]
[suap.ifpb.edu.br/static/comum/img/icons/menu-comunicacao-social.png]
[suap.ifpb.edu.br/static/comum/img/icons/menu-ensino.png]
[suap.ifpb.edu.br/static/comum/img/icons/menu-pesquisa.png]
[suap.ifpb.edu.br/static/comum/img/icons/menu-recursos-humanos.png]
[suap.ifpb.edu.br/static/comum/img/icons/menu-prontuario.png]
[suap.ifpb.edu.br/static/comum/img/icons/menu-atividades-estudantis.png]
[suap.ifpb.edu.br/static/comum/img/icons/menu-extensao.png]
[suap.ifpb.edu.br/static/comum/img/icons/menu-des-institucional.png]
[suap.ifpb.edu.br/static/comum/img/icons/menu-tec-da-informacao.png]
[suap.ifpb.edu.br/static/comum/img/icons/icon-protocolo.png]
[suap.ifpb.edu.br/static/comum/img/icons/menu-logout.png]
[suap.ifpb.edu.br/static/comum/img/icons/menu-right.png]
[suap.ifpb.edu.br/static/comum/img/icons/menu-down.png]
[suap.ifpb.edu.br/static/djtools/filter_box/img/minus.png]
[suap.ifpb.edu.br/static/djtools/filter_box/img/plus.png]
[suap.ifpb.edu.br/static/comum/img/loading.gif]
[suap.ifpb.edu.br/static/comum/img/help-action-button.png]
[suap.ifpb.edu.br/static/comum/css/estilo.css]
[suap.ifpb.edu.br/static/comum/img/close_modal_box.png]
[suap.ifpb.edu.br/static/comum/css/forms.css]
[suap.ifpb.edu.br/static/comum/img/login-background.jpg]
[suap.ifpb.edu.br/static/comum/img/logo-login.png]
[suap.ifpb.edu.br/static/comum/css/login.css]
